[onshop.asia/demo-theme/fashion_zork_3/index.html]
[backblue.gif]
[fade.gif]
[index.html]
[onshop.asia/demo-theme/fashion_zork_3/index-2.html]
[onshop.asia/demo-theme/fashion_zork_3/images/logo.png]
[onshop.asia/demo-theme/fashion_zork_3/wish-list.html]
[onshop.asia/demo-theme/fashion_zork_3/cart.html]
[onshop.asia/demo-theme/fashion_zork_3/login.html]
[onshop.asia/demo-theme/fashion_zork_3/register.html]
[onshop.asia/demo-theme/fashion_zork_3/account.html]
[onshop.asia/demo-theme/fashion_zork_3/product.html]
[onshop.asia/demo-theme/fashion_zork_3/news.html]
[onshop.asia/demo-theme/fashion_zork_3/contact.html]
[onshop.asia/demo-theme/fashion_zork_3/images/slider_1.png]
[onshop.asia/demo-theme/fashion_zork_3/images/slider_2.png]
[onshop.asia/demo-theme/fashion_zork_3/images/slider_3.png]
[onshop.asia/demo-theme/fashion_zork_3/images/slider_4.png]
[onshop.asia/demo-theme/fashion_zork_3/product-detail.html]
[onshop.asia/demo-theme/fashion_zork_3/images/product_1.png]
[onshop.asia/demo-theme/fashion_zork_3/images/product_2.png]
[onshop.asia/demo-theme/fashion_zork_3/images/product_3.png]
[onshop.asia/demo-theme/fashion_zork_3/images/product_4.png]
[onshop.asia/demo-theme/fashion_zork_3/images/product_5.png]
[onshop.asia/demo-theme/fashion_zork_3/images/product_6.png]
[onshop.asia/demo-theme/fashion_zork_3/images/banner_1a.png]
[onshop.asia/demo-theme/fashion_zork_3/images/banner_1b.png]
[onshop.asia/demo-theme/fashion_zork_3/images/product_7.png]
[onshop.asia/demo-theme/fashion_zork_3/images/product_8.png]
[onshop.asia/demo-theme/fashion_zork_3/images/product_9.png]
[onshop.asia/demo-theme/fashion_zork_3/images/product_10.png]
[onshop.asia/demo-theme/fashion_zork_3/images/product_11.png]
[onshop.asia/demo-theme/fashion_zork_3/images/product_12.png]
[onshop.asia/demo-theme/fashion_zork_3/images/banner_2a.png]
[onshop.asia/demo-theme/fashion_zork_3/images/blog_1a.png]
[onshop.asia/demo-theme/fashion_zork_3/images/blog_1b.png]
[onshop.asia/demo-theme/fashion_zork_3/images/patner1.png]
[onshop.asia/demo-theme/fashion_zork_3/images/patner2.png]
[onshop.asia/demo-theme/fashion_zork_3/images/patner3.png]
[onshop.asia/demo-theme/fashion_zork_3/images/patner4.png]
[onshop.asia/demo-theme/fashion_zork_3/images/patner5.png]
[onshop.asia/demo-theme/fashion_zork_3/terms-conditions.html]
[onshop.asia/demo-theme/fashion_zork_3/node_modules/jquery/dist/jquery.min.js]
[onshop.asia/demo-theme/fashion_zork_3/js/jquery-ui.min.js]
[cdnjs.cloudflare.com/ajax/libs/popper.js/1.14.7/umd/popper.min.js]
[onshop.asia/demo-theme/fashion_zork_3/node_modules/bootstrap/dist/js/bootstrap.min.js]
[onshop.asia/demo-theme/fashion_zork_3/node_modules/owl.carousel/dist/owl.carousel.min.js]
[onshop.asia/demo-theme/fashion_zork_3/node_modules/swiper/dist/js/swiper.min.js]
[onshop.asia/demo-theme/fashion_zork_3/js/index.js]
[onshop.asia/demo-theme/fashion_zork_3/index.html]
[onshop.asia/demo-theme/fashion_zork_3/node_modules/swiper/dist/css/swiper.min.css]
[onshop.asia/demo-theme/fashion_zork_3/images/Frame.png]
[onshop.asia/demo-theme/fashion_zork_3/images/minus2.jpg]
[onshop.asia/demo-theme/fashion_zork_3/images/plus2.png]
[onshop.asia/demo-theme/fashion_zork_3/css/style.css]
[onshop.asia/demo-theme/fashion_zork_3/css/override.css]
[onshop.asia/demo-theme/fashion_zork_3/index-2.html]
[onshop.asia/demo-theme/fashion_zork_3/images/product-image-1.png]
[onshop.asia/demo-theme/fashion_zork_3/images/product-image-2.png]
[onshop.asia/demo-theme/fashion_zork_3/images/product-image-3.png]
[onshop.asia/demo-theme/fashion_zork_3/images/product-image-4.png]
[onshop.asia/demo-theme/fashion_zork_3/wish-list.html]
[code.jquery.com/ui/1.12.1/themes/base/jquery-ui.css]
[onshop.asia/demo-theme/fashion_zork_3/cart.html]
[onshop.asia/demo-theme/fashion_zork_3/pay.html]
[onshop.asia/demo-theme/fashion_zork_3/login.html]
[onshop.asia/demo-theme/fashion_zork_3/register.html]
[onshop.asia/demo-theme/fashion_zork_3/forgot-password.html]
[onshop.asia/demo-theme/fashion_zork_3/account.html]
[onshop.asia/demo-theme/fashion_zork_3/setting-address.html]
[onshop.asia/demo-theme/fashion_zork_3/product.html]
[onshop.asia/demo-theme/fashion_zork_3/blog-detail.html]
[onshop.asia/demo-theme/fashion_zork_3/images/blog_1c.png]
[onshop.asia/demo-theme/fashion_zork_3/images/blog_2a.png]
[onshop.asia/demo-theme/fashion_zork_3/images/blog_2c.png]
[onshop.asia/demo-theme/fashion_zork_3/news.html]
[onshop.asia/demo-theme/fashion_zork_3/contact.html]
[onshop.asia/demo-theme/fashion_zork_3/images/user-thumb.png]
[onshop.asia/demo-theme/fashion_zork_3/images/product_1_01.png]
[onshop.asia/demo-theme/fashion_zork_3/images/product_2_01.png]
[onshop.asia/demo-theme/fashion_zork_3/images/product_3_01.png]
[onshop.asia/demo-theme/fashion_zork_3/images/product_4_01.png]
[onshop.asia/demo-theme/fashion_zork_3/images/product_5_01.png]
[onshop.asia/demo-theme/fashion_zork_3/product-detail.html]
[onshop.asia/demo-theme/fashion_zork_3/terms-conditions.html]
[onshop.asia/demo-theme/fashion_zork_3/node_modules/bootstrap/dist/css/bootstrap.min.css]
[onshop.asia/demo-theme/fashion_zork_3/node_modules/font-awesome/fonts/fontawesome-webfont3e6e.eot]
[onshop.asia/demo-theme/fashion_zork_3/node_modules/font-awesome/fonts/fontawesome-webfontd41d.eot]
[onshop.asia/demo-theme/fashion_zork_3/node_modules/font-awesome/fonts/fontawesome-webfont3e6e.woff2]
[onshop.asia/demo-theme/fashion_zork_3/node_modules/font-awesome/fonts/fontawesome-webfont3e6e.woff]
[onshop.asia/demo-theme/fashion_zork_3/node_modules/font-awesome/fonts/fontawesome-webfont3e6e.ttf]
[onshop.asia/demo-theme/fashion_zork_3/node_modules/font-awesome/css/font-awesome.min.css]
[onshop.asia/demo-theme/fashion_zork_3/node_modules/owl.carousel/dist/assets/owl.video.play.png]
[onshop.asia/demo-theme/fashion_zork_3/node_modules/owl.carousel/dist/assets/owl.carousel.min.css]
[onshop.asia/demo-theme/fashion_zork_3/node_modules/owl.carousel/dist/assets/owl.theme.default.min.css]
[code.jquery.com/ui/1.12.1/themes/base/images/ui-icons_444444_256x240.png]
[code.jquery.com/ui/1.12.1/themes/base/images/ui-icons_555555_256x240.png]
[code.jquery.com/ui/1.12.1/themes/base/images/ui-icons_ffffff_256x240.png]
[code.jquery.com/ui/1.12.1/themes/base/images/ui-icons_777620_256x240.png]
[code.jquery.com/ui/1.12.1/themes/base/images/ui-icons_cc0000_256x240.png]
[code.jquery.com/ui/1.12.1/themes/base/images/ui-icons_777777_256x240.png]
[code.jquery.com/ui/1.12.1/themes/base/jquery-ui.css]
[onshop.asia/demo-theme/fashion_zork_3/images/userpay.png]
[onshop.asia/demo-theme/fashion_zork_3/pay.html]
[onshop.asia/demo-theme/fashion_zork_3/forgot-password.html]
[onshop.asia/demo-theme/fashion_zork_3/js/bootstrap-select.min.js]
[onshop.asia/demo-theme/fashion_zork_3/setting-address.html]
[onshop.asia/demo-theme/fashion_zork_3/css/jquery-ui.css]
[onshop.asia/demo-theme/fashion_zork_3/images/new.png]
[onshop.asia/demo-theme/fashion_zork_3/images/related.png]
[onshop.asia/demo-theme/fashion_zork_3/images/star.png]
[onshop.asia/demo-theme/fashion_zork_3/images/star2.png]
[onshop.asia/demo-theme/fashion_zork_3/blog-detail.html]
[onshop.asia/demo-theme/fashion_zork_3/images/blog_2b.html]
[onshop.asia/demo-theme/fashion_zork_3/node_modules/font-awesome/fonts/fontawesome-webfont3e6e.svg]
[onshop.asia/demo-theme/fashion_zork_3/css/bootstrap-select.min.css]
[onshop.asia/demo-theme/fashion_zork_3/css/images/ui-icons_444444_256x240.html]
[onshop.asia/demo-theme/fashion_zork_3/css/images/ui-icons_555555_256x240.html]
[onshop.asia/demo-theme/fashion_zork_3/css/images/ui-icons_ffffff_256x240.html]
[onshop.asia/demo-theme/fashion_zork_3/css/images/ui-icons_777620_256x240.html]
[onshop.asia/demo-theme/fashion_zork_3/css/images/ui-icons_cc0000_256x240.html]
[onshop.asia/demo-theme/fashion_zork_3/css/images/ui-icons_777777_256x240.html]
