[onshop.asia/demo-theme/fashion_zork/index.html]
[backblue.gif]
[fade.gif]
[index.html]
[onshop.asia/demo-theme/fashion_zork/index-2.html]
[onshop.asia/demo-theme/fashion_zork/images/logo.png]
[onshop.asia/demo-theme/fashion_zork/wish-list.html]
[onshop.asia/demo-theme/fashion_zork/cart.html]
[onshop.asia/demo-theme/fashion_zork/login.html]
[onshop.asia/demo-theme/fashion_zork/register.html]
[onshop.asia/demo-theme/fashion_zork/account.html]
[onshop.asia/demo-theme/fashion_zork/product.html]
[onshop.asia/demo-theme/fashion_zork/news.html]
[onshop.asia/demo-theme/fashion_zork/contact.html]
[onshop.asia/demo-theme/fashion_zork/images/slider.png]
[onshop.asia/demo-theme/fashion_zork/product-detail.html]
[onshop.asia/demo-theme/fashion_zork/images/product-image-1.png]
[onshop.asia/demo-theme/fashion_zork/images/product-image-2.png]
[onshop.asia/demo-theme/fashion_zork/images/product-image-3.png]
[onshop.asia/demo-theme/fashion_zork/images/product-image-4.png]
[onshop.asia/demo-theme/fashion_zork/images/banner-left.png]
[onshop.asia/demo-theme/fashion_zork/images/banner-right.png]
[onshop.asia/demo-theme/fashion_zork/images/banner.png]
[onshop.asia/demo-theme/fashion_zork/images/image2.png]
[onshop.asia/demo-theme/fashion_zork/images/image3.png]
[onshop.asia/demo-theme/fashion_zork/images/patner1.png]
[onshop.asia/demo-theme/fashion_zork/images/patner2.png]
[onshop.asia/demo-theme/fashion_zork/images/patner3.png]
[onshop.asia/demo-theme/fashion_zork/images/patner4.png]
[onshop.asia/demo-theme/fashion_zork/images/patner5.png]
[onshop.asia/demo-theme/fashion_zork/terms-conditions.html]
[onshop.asia/demo-theme/fashion_zork/node_modules/jquery/dist/jquery.min.js]
[onshop.asia/demo-theme/fashion_zork/js/jquery-ui.min.js]
[cdnjs.cloudflare.com/ajax/libs/popper.js/1.14.7/umd/popper.min.js]
[onshop.asia/demo-theme/fashion_zork/node_modules/bootstrap/dist/js/bootstrap.min.js]
[onshop.asia/demo-theme/fashion_zork/node_modules/owl.carousel/dist/owl.carousel.min.js]
[onshop.asia/demo-theme/fashion_zork/node_modules/swiper/dist/js/swiper.min.js]
[onshop.asia/demo-theme/fashion_zork/js/index.js]
[onshop.asia/demo-theme/fashion_zork/index.html]
[onshop.asia/demo-theme/fashion_zork/node_modules/swiper/dist/css/swiper.min.css]
[onshop.asia/demo-theme/fashion_zork/images/Frame.png]
[onshop.asia/demo-theme/fashion_zork/images/minus2.jpg]
[onshop.asia/demo-theme/fashion_zork/images/plus2.png]
[onshop.asia/demo-theme/fashion_zork/css/style.css]
[onshop.asia/demo-theme/fashion_zork/css/override.css]
[onshop.asia/demo-theme/fashion_zork/index-2.html]
[onshop.asia/demo-theme/fashion_zork/wish-list.html]
[code.jquery.com/ui/1.12.1/themes/base/jquery-ui.css]
[onshop.asia/demo-theme/fashion_zork/cart.html]
[onshop.asia/demo-theme/fashion_zork/pay.html]
[onshop.asia/demo-theme/fashion_zork/login.html]
[onshop.asia/demo-theme/fashion_zork/register.html]
[onshop.asia/demo-theme/fashion_zork/forgot-password.html]
[onshop.asia/demo-theme/fashion_zork/account.html]
[onshop.asia/demo-theme/fashion_zork/setting-address.html]
[onshop.asia/demo-theme/fashion_zork/product.html]
[onshop.asia/demo-theme/fashion_zork/blog-detail.html]
[onshop.asia/demo-theme/fashion_zork/images/new.png]
[onshop.asia/demo-theme/fashion_zork/images/related.png]
[onshop.asia/demo-theme/fashion_zork/news.html]
[onshop.asia/demo-theme/fashion_zork/contact.html]
[onshop.asia/demo-theme/fashion_zork/images/detail1.png]
[onshop.asia/demo-theme/fashion_zork/images/product-mini-1.png]
[onshop.asia/demo-theme/fashion_zork/images/product-mini-3.png]
[onshop.asia/demo-theme/fashion_zork/images/user-thumb.png]
[onshop.asia/demo-theme/fashion_zork/product-detail.html]
[onshop.asia/demo-theme/fashion_zork/terms-conditions.html]
[onshop.asia/demo-theme/fashion_zork/node_modules/bootstrap/dist/css/bootstrap.min.css]
[onshop.asia/demo-theme/fashion_zork/node_modules/font-awesome/fonts/fontawesome-webfont3e6e.eot]
[onshop.asia/demo-theme/fashion_zork/node_modules/font-awesome/fonts/fontawesome-webfontd41d.eot]
[onshop.asia/demo-theme/fashion_zork/node_modules/font-awesome/fonts/fontawesome-webfont3e6e.woff2]
[onshop.asia/demo-theme/fashion_zork/node_modules/font-awesome/fonts/fontawesome-webfont3e6e.woff]
[onshop.asia/demo-theme/fashion_zork/node_modules/font-awesome/fonts/fontawesome-webfont3e6e.ttf]
[onshop.asia/demo-theme/fashion_zork/node_modules/font-awesome/css/font-awesome.min.css]
[onshop.asia/demo-theme/fashion_zork/node_modules/owl.carousel/dist/assets/owl.video.play.png]
[onshop.asia/demo-theme/fashion_zork/node_modules/owl.carousel/dist/assets/owl.carousel.min.css]
[onshop.asia/demo-theme/fashion_zork/node_modules/owl.carousel/dist/assets/owl.theme.default.min.css]
[code.jquery.com/ui/1.12.1/themes/base/images/ui-icons_444444_256x240.png]
[code.jquery.com/ui/1.12.1/themes/base/images/ui-icons_555555_256x240.png]
[code.jquery.com/ui/1.12.1/themes/base/images/ui-icons_ffffff_256x240.png]
[code.jquery.com/ui/1.12.1/themes/base/images/ui-icons_777620_256x240.png]
[code.jquery.com/ui/1.12.1/themes/base/images/ui-icons_cc0000_256x240.png]
[code.jquery.com/ui/1.12.1/themes/base/images/ui-icons_777777_256x240.png]
[code.jquery.com/ui/1.12.1/themes/base/jquery-ui.css]
[onshop.asia/demo-theme/fashion_zork/images/userpay.png]
[onshop.asia/demo-theme/fashion_zork/pay.html]
[onshop.asia/demo-theme/fashion_zork/forgot-password.html]
[onshop.asia/demo-theme/fashion_zork/js/bootstrap-select.min.js]
[onshop.asia/demo-theme/fashion_zork/setting-address.html]
[onshop.asia/demo-theme/fashion_zork/css/jquery-ui.css]
[onshop.asia/demo-theme/fashion_zork/images/star.png]
[onshop.asia/demo-theme/fashion_zork/images/star2.png]
[onshop.asia/demo-theme/fashion_zork/blog-detail.html]
[onshop.asia/demo-theme/fashion_zork/node_modules/font-awesome/fonts/fontawesome-webfont3e6e.svg]
[onshop.asia/demo-theme/fashion_zork/css/bootstrap-select.min.css]
[onshop.asia/demo-theme/fashion_zork/css/images/ui-icons_444444_256x240.html]
[onshop.asia/demo-theme/fashion_zork/css/images/ui-icons_555555_256x240.html]
[onshop.asia/demo-theme/fashion_zork/css/images/ui-icons_ffffff_256x240.html]
[onshop.asia/demo-theme/fashion_zork/css/images/ui-icons_777620_256x240.html]
[onshop.asia/demo-theme/fashion_zork/css/images/ui-icons_cc0000_256x240.html]
[onshop.asia/demo-theme/fashion_zork/css/images/ui-icons_777777_256x240.html]
